// Jest Snapshot v1, https://goo.gl/fbAQLP

exports[`SearchBar SearchBar Snapshot 1`] = `
initialize {
  "0": Object {
    "attribs": Object {
      "class": "MuiPaper-root-1 MuiPaper-elevation2-5 MuiPaper-rounded-2 sc-bdVaJa hcLlaL",
    },
    "children": Array [
      Object {
        "attribs": Object {
          "class": "MuiButtonBase-root-34 MuiIconButton-root-28",
          "tabindex": "0",
          "type": "submit",
        },
        "children": Array [
          Object {
            "attribs": Object {
              "class": "MuiIconButton-label-33",
            },
            "children": Array [
              Object {
                "attribs": Object {
                  "aria-hidden": "true",
                  "class": "MuiSvgIcon-root-37",
                  "focusable": "false",
                  "role": "presentation",
                  "viewBox": "0 0 24 24",
                },
                "children": Array [
                  Object {
                    "attribs": Object {
                      "d": "M15.5 14h-.79l-.28-.27C15.41 12.59 16 11.11 16 9.5 16 5.91 13.09 3 9.5 3S3 5.91 3 9.5 5.91 16 9.5 16c1.61 0 3.09-.59 4.23-1.57l.27.28v.79l5 4.99L20.49 19l-4.99-5zm-6 0C7.01 14 5 11.99 5 9.5S7.01 5 9.5 5 14 7.01 14 9.5 11.99 14 9.5 14z",
                    },
                    "children": Array [],
                    "name": "path",
                    "namespace": "http://www.w3.org/2000/svg",
                    "next": null,
                    "parent": [Circular],
                    "prev": null,
                    "type": "tag",
                    "x-attribsNamespace": Object {
                      "d": undefined,
                    },
                    "x-attribsPrefix": Object {
                      "d": undefined,
                    },
                  },
                ],
                "name": "svg",
                "namespace": "http://www.w3.org/2000/svg",
                "next": null,
                "parent": [Circular],
                "prev": null,
                "type": "tag",
                "x-attribsNamespace": Object {
                  "aria-hidden": undefined,
                  "class": undefined,
                  "focusable": undefined,
                  "role": undefined,
                  "viewBox": undefined,
                },
                "x-attribsPrefix": Object {
                  "aria-hidden": undefined,
                  "class": undefined,
                  "focusable": undefined,
                  "role": undefined,
                  "viewBox": undefined,
                },
              },
            ],
            "name": "span",
            "namespace": "http://www.w3.org/1999/xhtml",
            "next": null,
            "parent": [Circular],
            "prev": null,
            "type": "tag",
            "x-attribsNamespace": Object {
              "class": undefined,
            },
            "x-attribsPrefix": Object {
              "class": undefined,
            },
          },
        ],
        "name": "button",
        "namespace": "http://www.w3.org/1999/xhtml",
        "next": Object {
          "attribs": Object {
            "class": "MuiInputBase-root-46",
          },
          "children": Array [
            Object {
              "attribs": Object {
                "class": "MuiInputBase-input-56",
                "placeholder": "Restaurante",
                "type": "text",
              },
              "children": Array [],
              "name": "input",
              "namespace": "http://www.w3.org/1999/xhtml",
              "next": null,
              "parent": [Circular],
              "prev": null,
              "type": "tag",
              "x-attribsNamespace": Object {
                "class": undefined,
                "placeholder": undefined,
                "type": undefined,
              },
              "x-attribsPrefix": Object {
                "class": undefined,
                "placeholder": undefined,
                "type": undefined,
              },
            },
          ],
          "name": "div",
          "namespace": "http://www.w3.org/1999/xhtml",
          "next": null,
          "parent": [Circular],
          "prev": [Circular],
          "type": "tag",
          "x-attribsNamespace": Object {
            "class": undefined,
          },
          "x-attribsPrefix": Object {
            "class": undefined,
          },
        },
        "parent": [Circular],
        "prev": null,
        "type": "tag",
        "x-attribsNamespace": Object {
          "class": undefined,
          "tabindex": undefined,
          "type": undefined,
        },
        "x-attribsPrefix": Object {
          "class": undefined,
          "tabindex": undefined,
          "type": undefined,
        },
      },
      Object {
        "attribs": Object {
          "class": "MuiInputBase-root-46",
        },
        "children": Array [
          Object {
            "attribs": Object {
              "class": "MuiInputBase-input-56",
              "placeholder": "Restaurante",
              "type": "text",
            },
            "children": Array [],
            "name": "input",
            "namespace": "http://www.w3.org/1999/xhtml",
            "next": null,
            "parent": [Circular],
            "prev": null,
            "type": "tag",
            "x-attribsNamespace": Object {
              "class": undefined,
              "placeholder": undefined,
              "type": undefined,
            },
            "x-attribsPrefix": Object {
              "class": undefined,
              "placeholder": undefined,
              "type": undefined,
            },
          },
        ],
        "name": "div",
        "namespace": "http://www.w3.org/1999/xhtml",
        "next": null,
        "parent": [Circular],
        "prev": Object {
          "attribs": Object {
            "class": "MuiButtonBase-root-34 MuiIconButton-root-28",
            "tabindex": "0",
            "type": "submit",
          },
          "children": Array [
            Object {
              "attribs": Object {
                "class": "MuiIconButton-label-33",
              },
              "children": Array [
                Object {
                  "attribs": Object {
                    "aria-hidden": "true",
                    "class": "MuiSvgIcon-root-37",
                    "focusable": "false",
                    "role": "presentation",
                    "viewBox": "0 0 24 24",
                  },
                  "children": Array [
                    Object {
                      "attribs": Object {
                        "d": "M15.5 14h-.79l-.28-.27C15.41 12.59 16 11.11 16 9.5 16 5.91 13.09 3 9.5 3S3 5.91 3 9.5 5.91 16 9.5 16c1.61 0 3.09-.59 4.23-1.57l.27.28v.79l5 4.99L20.49 19l-4.99-5zm-6 0C7.01 14 5 11.99 5 9.5S7.01 5 9.5 5 14 7.01 14 9.5 11.99 14 9.5 14z",
                      },
                      "children": Array [],
                      "name": "path",
                      "namespace": "http://www.w3.org/2000/svg",
                      "next": null,
                      "parent": [Circular],
                      "prev": null,
                      "type": "tag",
                      "x-attribsNamespace": Object {
                        "d": undefined,
                      },
                      "x-attribsPrefix": Object {
                        "d": undefined,
                      },
                    },
                  ],
                  "name": "svg",
                  "namespace": "http://www.w3.org/2000/svg",
                  "next": null,
                  "parent": [Circular],
                  "prev": null,
                  "type": "tag",
                  "x-attribsNamespace": Object {
                    "aria-hidden": undefined,
                    "class": undefined,
                    "focusable": undefined,
                    "role": undefined,
                    "viewBox": undefined,
                  },
                  "x-attribsPrefix": Object {
                    "aria-hidden": undefined,
                    "class": undefined,
                    "focusable": undefined,
                    "role": undefined,
                    "viewBox": undefined,
                  },
                },
              ],
              "name": "span",
              "namespace": "http://www.w3.org/1999/xhtml",
              "next": null,
              "parent": [Circular],
              "prev": null,
              "type": "tag",
              "x-attribsNamespace": Object {
                "class": undefined,
              },
              "x-attribsPrefix": Object {
                "class": undefined,
              },
            },
          ],
          "name": "button",
          "namespace": "http://www.w3.org/1999/xhtml",
          "next": [Circular],
          "parent": [Circular],
          "prev": null,
          "type": "tag",
          "x-attribsNamespace": Object {
            "class": undefined,
            "tabindex": undefined,
            "type": undefined,
          },
          "x-attribsPrefix": Object {
            "class": undefined,
            "tabindex": undefined,
            "type": undefined,
          },
        },
        "type": "tag",
        "x-attribsNamespace": Object {
          "class": undefined,
        },
        "x-attribsPrefix": Object {
          "class": undefined,
        },
      },
    ],
    "name": "form",
    "namespace": "http://www.w3.org/1999/xhtml",
    "next": null,
    "parent": null,
    "prev": null,
    "root": Object {
      "attribs": Object {},
      "children": Array [
        [Circular],
      ],
      "name": "root",
      "namespace": "http://www.w3.org/1999/xhtml",
      "next": null,
      "parent": null,
      "prev": null,
      "type": "root",
      "x-attribsNamespace": Object {},
      "x-attribsPrefix": Object {},
    },
    "type": "tag",
    "x-attribsNamespace": Object {
      "class": undefined,
    },
    "x-attribsPrefix": Object {
      "class": undefined,
    },
  },
  "_root": [Circular],
  "length": 1,
  "options": Object {
    "decodeEntities": true,
    "normalizeWhitespace": false,
    "withDomLvl1": true,
    "xml": false,
  },
}
`;
